---------------------------- PROCESS ENDED (15052) for package com.huaiwei.yunshan ----------------------------
---------------------------- PROCESS STARTED (15753) for package com.huaiwei.yunshan ----------------------------
2026-03-23 22:54:17.045 15753-15753 nativeloader            com.huaiwei.yunshan                  D  Load libframework-connectivity-tiramisu-jni.so using APEX ns com_android_tethering for caller /apex/com.android.tethering/javalib/framework-connectivity-t.jar: ok
2026-03-23 22:54:17.047 15753-15753 ActivityThread          com.huaiwei.yunshan                  D  setConscryptValidator
2026-03-23 22:54:17.047 15753-15753 ActivityThread          com.huaiwei.yunshan                  D  setConscryptValidator - put
2026-03-23 22:54:17.059 15753-15753 nativeloader            com.huaiwei.yunshan                  D  Load /data/user/0/com.huaiwei.yunshan/code_cache/startup_agents/a82ed9e3-agent.so using system ns (caller=<unknown>): ok
2026-03-23 22:54:17.062 15753-15753 huaiwei.yunshan         com.huaiwei.yunshan                  W  hiddenapi: DexFile /data/data/com.huaiwei.yunshan/code_cache/.studio/instruments-2fd5708c.jar is in boot class path but is not in a known location
2026-03-23 22:54:17.117 15753-15753 huaiwei.yunshan         com.huaiwei.yunshan                  W  Redefining intrinsic method java.lang.Thread java.lang.Thread.currentThread(). This may cause the unexpected use of the original definition of java.lang.Thread java.lang.Thread.currentThread()in methods that have already been compiled.
2026-03-23 22:54:17.117 15753-15753 huaiwei.yunshan         com.huaiwei.yunshan                  W  Redefining intrinsic method boolean java.lang.Thread.interrupted(). This may cause the unexpected use of the original definition of boolean java.lang.Thread.interrupted()in methods that have already been compiled.
2026-03-23 22:54:17.177 15753-15753 nativeloader            com.huaiwei.yunshan                  D  Configuring clns-9 for other apk /data/app/~~sZc0aiMp4PZGCpSUducYUw==/com.huaiwei.yunshan-wjkepg8phKXWL0qAJjmHNA==/base.apk. target_sdk_version=36, uses_libraries=, library_path=/data/app/~~sZc0aiMp4PZGCpSUducYUw==/com.huaiwei.yunshan-wjkepg8phKXWL0qAJjmHNA==/lib/arm64, permitted_path=/data:/mnt/expand:/data/user/0/com.huaiwei.yunshan
2026-03-23 22:54:17.182 15753-15753 GraphicsEnvironment     com.huaiwei.yunshan                  V  Currently set values for:
2026-03-23 22:54:17.183 15753-15753 GraphicsEnvironment     com.huaiwei.yunshan                  V    angle_gl_driver_selection_pkgs=[]
2026-03-23 22:54:17.183 15753-15753 GraphicsEnvironment     com.huaiwei.yunshan                  V    angle_gl_driver_selection_values=[]
2026-03-23 22:54:17.183 15753-15753 GraphicsEnvironment     com.huaiwei.yunshan                  V  com.huaiwei.yunshan is not listed in per-application setting
2026-03-23 22:54:17.183 15753-15753 GraphicsEnvironment     com.huaiwei.yunshan                  V  ANGLE allowlist from config: 
2026-03-23 22:54:17.183 15753-15753 GraphicsEnvironment     com.huaiwei.yunshan                  V  com.huaiwei.yunshan is not listed in ANGLE allowlist or settings, returning default
2026-03-23 22:54:17.183 15753-15753 GraphicsEnvironment     com.huaiwei.yunshan                  V  App is not on the allowlist for updatable production driver.
2026-03-23 22:54:17.206 15753-15753 ActivityThread          com.huaiwei.yunshan                  D  com.huaiwei.yunshan will use render engine as VK
2026-03-23 22:54:17.207 15753-15753 HWUI                    com.huaiwei.yunshan                  D  HWUI - treat SMPTE_170M as sRGB
2026-03-23 22:54:17.207 15753-15772 DisplayManager          com.huaiwei.yunshan                  I  Choreographer implicitly registered for the refresh rate.
2026-03-23 22:54:17.208 15753-15772 HWUI                    com.huaiwei.yunshan                  D  CacheManager constructor. deviceInfo=(1080, 1920)
2026-03-23 22:54:17.215 15753-15772 Adreno-AppProfiles      com.huaiwei.yunshan                  E  QSPM AIDL service doesn't exist
2026-03-23 22:54:17.216 15753-15772 AdrenoVK-0              com.huaiwei.yunshan                  I  ===== BEGIN DUMP OF OVERRIDDEN SETTINGS =====
2026-03-23 22:54:17.216 15753-15772 AdrenoVK-0              com.huaiwei.yunshan                  I  ===== END DUMP OF OVERRIDDEN SETTINGS =====
2026-03-23 22:54:17.220 15753-15753 AppCompatDelegate       com.huaiwei.yunshan                  D  Checking for metadata for AppLocalesMetadataHolderService : Service not found
2026-03-23 22:54:17.221 15753-15772 AdrenoVK-0              com.huaiwei.yunshan                  I  QUALCOMM build          : c81b28e1a5, I5a61fcf667
                                                                                                    Build Date              : 06/20/25
                                                                                                    Shader Compiler Version : E031.45.02.26
                                                                                                    Local Branch            : 
                                                                                                    Remote Branch           : refs/tags/AU_LINUX_ANDROID_LA.VENDOR.14.3.0.11.00.00.973.948
                                                                                                    Remote Branch           : NONE
                                                                                                    Reconstruct Branch      : NOTHING
2026-03-23 22:54:17.221 15753-15772 AdrenoVK-0              com.huaiwei.yunshan                  I  Build Config            : S P 16.1.2 AArch64
2026-03-23 22:54:17.221 15753-15772 AdrenoVK-0              com.huaiwei.yunshan                  I  Driver Path             : /vendor/lib64/hw/vulkan.adreno.so
2026-03-23 22:54:17.221 15753-15772 AdrenoVK-0              com.huaiwei.yunshan                  I  Driver Version          : 0762.39
2026-03-23 22:54:17.221 15753-15772 AdrenoVK-0              com.huaiwei.yunshan                  I  PFP                     : 0x01520181
2026-03-23 22:54:17.221 15753-15772 AdrenoVK-0              com.huaiwei.yunshan                  I  ME                      : 0x01520023
2026-03-23 22:54:17.221 15753-15772 AdrenoVK-0              com.huaiwei.yunshan                  I  Application Name    : android framework
                                                                                                    Application Version : 0x00000000
                                                                                                    Engine Name         : android framework
                                                                                                    Engine Version      : 0x00000000
                                                                                                    Api Version         : 0x00401000
2026-03-23 22:54:17.223 15753-15753 ashmem                  com.huaiwei.yunshan                  E  Pinning is deprecated since Android Q. Please use trim or other methods.
2026-03-23 22:54:17.234 15753-15753 CompatChangeReporter    com.huaiwei.yunshan                  D  Compat change id reported: 377864165; UID 10432; state: ENABLED
2026-03-23 22:54:17.234 15753-15753 DesktopModeFlags        com.huaiwei.yunshan                  D  Toggle override initialized to: OVERRIDE_UNSET
2026-03-23 22:54:17.237 15753-15753 DecorView               com.huaiwei.yunshan                  I  setWindowBackground: isPopOver=false color=ff303030 d=android.graphics.drawable.ColorDrawable@4dde9eb
2026-03-23 22:54:17.240 15753-15753 huaiwei.yunshan         com.huaiwei.yunshan                  I  hiddenapi: Accessing hidden method Landroid/view/ViewGroup;->makeOptionalFitsSystemWindows()V (runtime_flags=0, domain=platform, api=unsupported) from Landroidx/appcompat/widget/ViewUtils; (domain=app) using reflection: allowed
2026-03-23 22:54:17.243 15753-15753 WebViewFactory          com.huaiwei.yunshan                  I  Loading com.google.android.webview version 146.0.7680.119 (code 768011903)
2026-03-23 22:54:17.246 15753-15753 ResourcesManager        com.huaiwei.yunshan                  V  The following library key has been added: ResourcesKey{ mHash=ef7c48e8 mResDir=null mSplitDirs=[] mOverlayDirs=[] mLibDirs=[/data/app/~~PiS5TIfLN8o-udVsMhcSrw==/com.google.android.webview--mqZAKkg7MCHPmYuwP17XA==/base.apk,/system/framework/android.test.base.jar,/system_ext/framework/androidx.window.extensions.jar] mDisplayId=0 mOverrideConfig=v36 mCompatInfo={450dpi always-compat} mLoaders=[]}
2026-03-23 22:54:17.246 15753-15753 ApplicationLoaders      com.huaiwei.yunshan                  D  Returning zygote-cached class loader: /system/framework/android.test.base.jar
2026-03-23 22:54:17.246 15753-15753 ApplicationLoaders      com.huaiwei.yunshan                  D  Returning zygote-cached class loader: /system_ext/framework/androidx.window.extensions.jar
2026-03-23 22:54:17.247 15753-15753 huaiwei.yunshan         com.huaiwei.yunshan                  W  Loading /data/app/~~PiS5TIfLN8o-udVsMhcSrw==/com.google.android.webview--mqZAKkg7MCHPmYuwP17XA==/oat/arm64/base.odex non-executable as it requires an image which we failed to load
2026-03-23 22:54:17.248 15753-15753 nativeloader            com.huaiwei.yunshan                  D  Configuring clns-10 for other apk /data/app/~~PiS5TIfLN8o-udVsMhcSrw==/com.google.android.webview--mqZAKkg7MCHPmYuwP17XA==/base.apk. target_sdk_version=36, uses_libraries=, library_path=/data/app/~~PiS5TIfLN8o-udVsMhcSrw==/com.google.android.webview--mqZAKkg7MCHPmYuwP17XA==/lib/arm64:/data/app/~~PiS5TIfLN8o-udVsMhcSrw==/com.google.android.webview--mqZAKkg7MCHPmYuwP17XA==/base.apk!/lib/arm64-v8a, permitted_path=/data:/mnt/expand
2026-03-23 22:54:17.256 15753-15753 cr_WVCFactoryProvider   com.huaiwei.yunshan                  I  version=146.0.7680.119 (768011903) minSdkVersion=29 multiprocess=true packageId=2 splits=<none>
2026-03-23 22:54:17.273 15753-15753 nativeloader            com.huaiwei.yunshan                  D  Load /data/app/~~PiS5TIfLN8o-udVsMhcSrw==/com.google.android.webview--mqZAKkg7MCHPmYuwP17XA==/base.apk!/lib/arm64-v8a/libwebviewchromium.so using class loader ns clns-10 (caller=/data/app/~~PiS5TIfLN8o-udVsMhcSrw==/com.google.android.webview--mqZAKkg7MCHPmYuwP17XA==/base.apk): ok
2026-03-23 22:54:17.274 15753-15753 nativeloader            com.huaiwei.yunshan                  D  Load /system/lib64/libwebviewchromium_plat_support.so using class loader ns clns-10 (caller=/data/app/~~PiS5TIfLN8o-udVsMhcSrw==/com.google.android.webview--mqZAKkg7MCHPmYuwP17XA==/base.apk): ok
2026-03-23 22:54:17.275 15753-15778 chromium                com.huaiwei.yunshan                  I  [0323/225417.275347:INFO:android_webview/browser/variations/variations_seed_loader.cc:67] Failed to open file for reading.: No such file or directory (2)
2026-03-23 22:54:17.279 15753-15753 cr_LibraryLoader        com.huaiwei.yunshan                  I  Successfully loaded native library
2026-03-23 22:54:17.280 15753-15753 cr_CachingUmaRecorder   com.huaiwei.yunshan                  I  Flushed 22 samples from 21 histograms, 0 samples were dropped.
2026-03-23 22:54:17.281 15753-15753 cr_ChildProcLH          com.huaiwei.yunshan                  I  ScopedServiceBindingBatch.tryActivate: false
2026-03-23 22:54:17.282 15753-15753 cr_CombinedPProvider    com.huaiwei.yunshan                  I  #registerProvider() provider:WV.qk@26ad4f2 isPolicyCacheEnabled:false policyProvidersSize:0
2026-03-23 22:54:17.282 15753-15753 cr_PolicyProvider       com.huaiwei.yunshan                  I  #setManagerAndSource() 0
2026-03-23 22:54:17.284 15753-15753 cr_DisplayManager       com.huaiwei.yunshan                  I  Is Display Topology available: false
2026-03-23 22:54:17.292 15753-15753 cr_CombinedPProvider    com.huaiwei.yunshan                  I  #linkNativeInternal() 1
2026-03-23 22:54:17.293 15753-15753 cr_AppResProvider       com.huaiwei.yunshan                  I  #getApplicationRestrictionsFromUserManager() Bundle[EMPTY_PARCEL]
2026-03-23 22:54:17.293 15753-15753 cr_PolicyProvider       com.huaiwei.yunshan                  I  #notifySettingsAvailable() 0
2026-03-23 22:54:17.293 15753-15753 cr_CombinedPProvider    com.huaiwei.yunshan                  I  #onSettingsAvailable() 0
2026-03-23 22:54:17.293 15753-15753 cr_CombinedPProvider    com.huaiwei.yunshan                  I  #flushPolicies()
2026-03-23 22:54:17.309 15753-15787 chromium                com.huaiwei.yunshan                  W  [WARNING:net/dns/dns_config_service_android.cc:69] Failed to read DnsConfig.
2026-03-23 22:54:17.310 15753-15753 chromium                com.huaiwei.yunshan                  W  [WARNING:android_webview/browser/network_service/net_helpers.cc:137] HTTP Cache size is: 20971520
2026-03-23 22:54:17.351 15753-15753 Capacitor               com.huaiwei.yunshan                  D  Starting BridgeActivity
2026-03-23 22:54:17.360 15753-15753 Capacitor               com.huaiwei.yunshan                  D  Registering plugin instance: CapacitorCookies
2026-03-23 22:54:17.362 15753-15753 Capacitor               com.huaiwei.yunshan                  D  Registering plugin instance: WebView
2026-03-23 22:54:17.363 15753-15753 Capacitor               com.huaiwei.yunshan                  D  Registering plugin instance: CapacitorHttp
2026-03-23 22:54:17.363 15753-15753 Capacitor               com.huaiwei.yunshan                  D  Registering plugin instance: SystemBars
2026-03-23 22:54:17.386 15753-15753 Capacitor               com.huaiwei.yunshan                  W  Unable to read file at path public/plugins
2026-03-23 22:54:17.388 15753-15753 Capacitor               com.huaiwei.yunshan                  D  Loading app at https://localhost
2026-03-23 22:54:17.400 15753-15792 cr_media                com.huaiwei.yunshan                  W  BLUETOOTH_CONNECT permission is missing.
2026-03-23 22:54:17.400 15753-15792 cr_media                com.huaiwei.yunshan                  W  getBluetoothAdapter() requires BLUETOOTH permission
2026-03-23 22:54:17.400 15753-15792 cr_media                com.huaiwei.yunshan                  W  registerBluetoothIntentsIfNeeded: Requires BLUETOOTH permission
2026-03-23 22:54:17.406 15753-15785 Capacitor               com.huaiwei.yunshan                  D  Handling local request: https://localhost/
2026-03-23 22:54:17.410 15753-15753 Capacitor               com.huaiwei.yunshan                  D  App started
2026-03-23 22:54:17.417 15753-15753 Capacitor               com.huaiwei.yunshan                  D  App resumed
2026-03-23 22:54:17.418 15753-15792 AudioSystem             com.huaiwei.yunshan                  D  onNewService: media.audio_policy service obtained 0xb40000763d5d69c0
2026-03-23 22:54:17.420 15753-15753 ViewRootImpl            com.huaiwei.yunshan                  D  desktopMode is false
2026-03-23 22:54:17.421 15753-15753 ViewRootImpl            com.huaiwei.yunshan                  I  dVRR is disabled
2026-03-23 22:54:17.421 15753-15792 AudioSystem             com.huaiwei.yunshan                  D  getService: checking for service media.audio_policy: 0xb40000763d5d69c0
2026-03-23 22:54:17.421 15753-15753 HardwareRenderer        com.huaiwei.yunshan                  D  onDisplayChanged. displayId=0 current wxh=3120x1440 mLargest wxh=0x0
2026-03-23 22:54:17.422 15753-15753 HardwareRenderer        com.huaiwei.yunshan                  D  Set largestWidth and largestHeight as logical resolution. (3120x1440)
2026-03-23 22:54:17.422 15753-15772 HWUI                    com.huaiwei.yunshan                  D  setMaxSurfaceArea requested wxh=(3120,1440) requestedSurfaceArea(4492800) mMaxSurfaceArea(2073600)
2026-03-23 22:54:17.423 15753-15772 NativeCust...ncyManager com.huaiwei.yunshan                  D  [NativeCFMS] BpCustomFrequencyManager::BpCustomFrequencyManager()
2026-03-23 22:54:17.427 15753-15753 InputTransport          com.huaiwei.yunshan                  D  Input channel constructed: '9995668', fd=186
2026-03-23 22:54:17.427 15753-15753 InsetsController        com.huaiwei.yunshan                  I  onStateChanged: host=com.huaiwei.yunshan/com.huaiwei.yunshan.MainActivity, from=android.view.ViewRootImpl.onInsetsStateChanged:3026, state=InsetsState: {mDisplayFrame=Rect(0, 0 - 3120, 1440), mDisplayCutout=DisplayCutout{insets=Rect(112, 0 - 0, 0) waterfall=Insets{left=0, top=0, right=0, bottom=0} boundingRect={Bounds=[Rect(0, 686 - 112, 754), Rect(0, 0 - 0, 0), Rect(0, 0 - 0, 0), Rect(0, 0 - 0, 0)]} cutoutPathParserInfo={CutoutPathParserInfo{displayWidth=1440 displayHeight=3120 physicalDisplayWidth=1440 physicalDisplayHeight=3120 density={3.75} cutoutSpec={M 0,0 H -9.066666666666667 V 29.86666666666667 H 9.066666666666667 V 0 H 0 Z @dp} rotation={1} scale={1.0} physicalPixelDisplaySizeRatio={1.0}}} sideOverrides={}}, mRoundedCorners=RoundedCorners{[RoundedCorner{position=TopLeft, radius=8, center=Point(8, 8)}, RoundedCorner{position=TopRight, radius=8, center=Point(3112, 8)}, RoundedCorner{position=BottomRight, radius=8, center=Point(3112, 1432)}, RoundedCorner{position=BottomLeft, radius=8, center=Point(8, 1432)}]}  mRoundedCornerFrame=Rect(0, 0 - 3120, 1440), mPrivacyIndicatorBounds=PrivacyIndicatorBounds {static bounds=Rect(2955, 0 - 3120, 113) rotation=1}, mDisplayShape=DisplayShape{ spec=1406003047 displayWidth=1440 displayHeight=3120 physicalPixelDisplaySizeRatio=1.0 rotation=1 offsetX=0 offsetY=0 scale=1.0}, mSources= { InsetsSource: {95340000 mType=statusBars mFrame=[0,0][3120,113] mVisible=true mFlags= mSideHint=TOP mBoundingRects=null}, InsetsSource: {95340005 mType=mandatorySystemGestures mFrame=[0,0][3120,113] mVisible=true mFlags= mSideHint=TOP mBoundingRects=null}, InsetsSource: {95340006 mType=tappableElement mFrame=[0,0][3120,113] mVisible=true mFlags= mSideHint=TOP mBoundingRects=null}, InsetsSource: {3 mType=ime mFrame=[0,0][0,0] mVisible=false mFlags= mSideHint=NONE mBoundingRects=null}, InsetsSource: {7 mType=displayCutout mFrame=[0,0][112,1440] mVisible=true mFlags= mSideHint=LEFT mBoundingRects=null}, InsetsSource: {425a0001 mType=navigationBars mFrame=[0,1384][3120,1440] mVisible=true mFlags=SUPPRESS_SCRIM mSideHint=BOTTOM mBoundingRects=null}, InsetsSource: {425a0004 mType=systemGestures mFrame=[0,0][224,1440] mVisible=true mFlags= mSideHint=LEFT mBoundingRects=null}, InsetsSource: {425a0005 mType=mandatorySystemGestures mFrame=[0,1320][3120,1440] mVisible=true mFlags= mSideHint=BOTTOM mBoundingRects=null}, InsetsSource: {425a0006 mType=tappableElement mFrame=[0,0][0,0] mVisible=true mFlags= mSideHint=NONE mBoundingRects=null}, InsetsSource: {425a0024 mType=systemGestures mFrame=[3008,0][3120,1440] mVisible=true mFlags= mSideHint=RIGHT mBoundingRects=null} }
2026-03-23 22:54:17.428 15753-15753 VRI[MainAc...ty]@9b739f com.huaiwei.yunshan                  I  synced displayState. AttachInfo displayState=2
2026-03-23 22:54:17.431 15753-15753 VRI[MainAc...ty]@9b739f com.huaiwei.yunshan                  I  setView = com.android.internal.policy.DecorView@c223797 IsHRR=false mFlingFrameRateChange=0 TM=true
2026-03-23 22:54:17.439 15753-15859 CameraManagerGlobal     com.huaiwei.yunshan                  I  Connecting to camera service
2026-03-23 22:54:17.440 15753-15859 VendorTagDescriptor     com.huaiwei.yunshan                  D  addVendorDescriptor: vendor tag id 15622750491770684145 added
2026-03-23 22:54:17.441 15753-15859 VendorTagDescriptor     com.huaiwei.yunshan                  D  addVendorDescriptor: vendor tag id 8932615658386372252 added
2026-03-23 22:54:17.444 15753-15859 CameraManager           com.huaiwei.yunshan                  I  registerAvailabilityCallback: Is device callback = false
2026-03-23 22:54:17.444 15753-15859 CameraManagerGlobal     com.huaiwei.yunshan                  I  postSingleUpdate device: camera id 0 status STATUS_PRESENT
2026-03-23 22:54:17.445 15753-15859 CameraManagerGlobal     com.huaiwei.yunshan                  I  postSingleUpdate device: camera id 1 status STATUS_PRESENT
2026-03-23 22:54:17.445 15753-15859 CameraManagerGlobal     com.huaiwei.yunshan                  I  postSingleUpdate device: camera id 2 status STATUS_PRESENT
2026-03-23 22:54:17.445 15753-15859 CameraManagerGlobal     com.huaiwei.yunshan                  I  postSingleUpdate device: camera id 3 status STATUS_PRESENT
2026-03-23 22:54:17.445 15753-15765 CameraManagerGlobal     com.huaiwei.yunshan                  I  Camera 0 facing CAMERA_FACING_BACK state now CAMERA_STATE_CLOSED for client com.google.android.googlequicksearchbox API Level 2 User Id 0Device Id 0
2026-03-23 22:54:17.445 15753-15765 CameraManagerGlobal     com.huaiwei.yunshan                  I  Camera 1 facing CAMERA_FACING_FRONT state now CAMERA_STATE_CLOSED for client com.samsung.android.ardrawing API Level 2 User Id 0Device Id 0
2026-03-23 22:54:17.446 15753-15765 CameraManagerGlobal     com.huaiwei.yunshan                  I  Camera 2 facing CAMERA_FACING_BACK state now CAMERA_STATE_CLOSED for client android.system API Level 2 User Id 0Device Id 0
2026-03-23 22:54:17.446 15753-15753 huaiwei.yunshan         com.huaiwei.yunshan                  E  Unable to open libpenguin.so: dlopen failed: library "libpenguin.so" not found.
2026-03-23 22:54:17.446 15753-15765 CameraManagerGlobal     com.huaiwei.yunshan                  I  Camera 20 facing CAMERA_FACING_BACK state now CAMERA_STATE_CLOSED for client com.sec.android.app.camera API Level 2 User Id 0Device Id 0
2026-03-23 22:54:17.446 15753-15753 libc                    com.huaiwei.yunshan                  W  Access denied finding property "vendor.display.enable_optimal_refresh_rate"
2026-03-23 22:54:17.446 15753-15753 BufferQueueProducer     com.huaiwei.yunshan                  I  [](id:3d8900000000,api:0,p:-1386875120,c:15753) setDequeueTimeout:2077252342
2026-03-23 22:54:17.446 15753-15765 CameraManagerGlobal     com.huaiwei.yunshan                  I  Camera 21 facing CAMERA_FACING_BACK state now CAMERA_STATE_CLOSED for client android.system API Level 2 User Id 0Device Id 0
2026-03-23 22:54:17.446 15753-15765 CameraManagerGlobal     com.huaiwei.yunshan                  I  Camera 23 facing CAMERA_FACING_BACK state now CAMERA_STATE_CLOSED for client android.system API Level 2 User Id 0Device Id 0
2026-03-23 22:54:17.446 15753-15753 BLASTBufferQueue_Java   com.huaiwei.yunshan                  I  new BLASTBufferQueue, mName= VRI[MainActivity]@9b739f mNativeObject= 0xb40000775d55a3b0 caller= android.view.ViewRootImpl.updateBlastSurfaceIfNeeded:3585 android.view.ViewRootImpl.relayoutWindow:11685 android.view.ViewRootImpl.performTraversals:4804 android.view.ViewRootImpl.doTraversal:3924 android.view.ViewRootImpl$TraversalRunnable.run:12903 android.view.Choreographer$CallbackRecord.run:1901 android.view.Choreographer$CallbackRecord.run:1910 android.view.Choreographer.doCallbacks:1367 android.view.Choreographer.doFrame:1292 android.view.Choreographer$FrameDisplayEventReceiver.run:1870 
2026-03-23 22:54:17.446 15753-15765 CameraManagerGlobal     com.huaiwei.yunshan                  I  Camera 24 facing CAMERA_FACING_BACK state now CAMERA_STATE_CLOSED for client android.system API Level 2 User Id 0Device Id 0
2026-03-23 22:54:17.446 15753-15753 BLASTBufferQueue_Java   com.huaiwei.yunshan                  I  update, w= 3120 h= 1440 mName = VRI[MainActivity]@9b739f mNativeObject= 0xb40000775d55a3b0 sc.mNativeObject= 0xb40000755d52c450 format= -1 caller= android.view.ViewRootImpl.updateBlastSurfaceIfNeeded:3590 android.view.ViewRootImpl.relayoutWindow:11685 android.view.ViewRootImpl.performTraversals:4804 android.view.ViewRootImpl.doTraversal:3924 android.view.ViewRootImpl$TraversalRunnable.run:12903 android.view.Choreographer$CallbackRecord.run:1901 
2026-03-23 22:54:17.446 15753-15765 CameraManagerGlobal     com.huaiwei.yunshan                  I  Camera 3 facing CAMERA_FACING_FRONT state now CAMERA_STATE_CLOSED for client com.samsung.android.sead API Level 2 User Id 0Device Id 0
2026-03-23 22:54:17.446 15753-15765 CameraManagerGlobal     com.huaiwei.yunshan                  I  Camera 4 facing CAMERA_FACING_FRONT state now CAMERA_STATE_CLOSED for client client.pid<1597> API Level 2 User Id 0Device Id 0
2026-03-23 22:54:17.446 15753-15753 libc                    com.huaiwei.yunshan                  W  Access denied finding property "vendor.display.enable_optimal_refresh_rate"
2026-03-23 22:54:17.447 15753-15765 CameraManagerGlobal     com.huaiwei.yunshan                  I  Camera 52 facing CAMERA_FACING_BACK state now CAMERA_STATE_CLOSED for client android.system API Level 2 User Id 0Device Id 0
2026-03-23 22:54:17.447 15753-15753 VRI[MainAc...ty]@9b739f com.huaiwei.yunshan                  I  Relayout returned: old=(0,0,3120,1440) new=(0,0,3120,1440) relayoutAsync=false req=(3120,1440)0 dur=3 res=0x3 s={true 0xb4000075cd550d90} ch=true seqId=0
2026-03-23 22:54:17.447 15753-15765 CameraManagerGlobal     com.huaiwei.yunshan                  I  Camera 54 facing CAMERA_FACING_BACK state now CAMERA_STATE_CLOSED for client android.system API Level 2 User Id 0Device Id 0
2026-03-23 22:54:17.447 15753-15753 VRI[MainAc...ty]@9b739f com.huaiwei.yunshan                  I  performConfigurationChange setNightDimText nightDimLevel=0
2026-03-23 22:54:17.447 15753-15753 VRI[MainAc...ty]@9b739f com.huaiwei.yunshan                  D  mThreadedRenderer.initialize() mSurface={isValid=true 0xb4000075cd550d90} hwInitialized=true
2026-03-23 22:54:17.448 15753-15765 CameraManagerGlobal     com.huaiwei.yunshan                  I  Camera 56 facing CAMERA_FACING_BACK state now CAMERA_STATE_CLOSED for client com.sec.android.app.camera API Level 2 User Id 0Device Id 0
2026-03-23 22:54:17.448 15753-15765 CameraManagerGlobal     com.huaiwei.yunshan                  I  Camera 58 facing CAMERA_FACING_BACK state now CAMERA_STATE_CLOSED for client android.system API Level 2 User Id 0Device Id 0
2026-03-23 22:54:17.449 15753-15753 VRI[MainAc...ty]@9b739f com.huaiwei.yunshan                  D  reportNextDraw android.view.ViewRootImpl.performTraversals:5443 android.view.ViewRootImpl.doTraversal:3924 android.view.ViewRootImpl$TraversalRunnable.run:12903 android.view.Choreographer$CallbackRecord.run:1901 android.view.Choreographer$CallbackRecord.run:1910 
2026-03-23 22:54:17.449 15753-15753 VRI[MainAc...ty]@9b739f com.huaiwei.yunshan                  D  Setup new sync=wmsSync-VRI[MainActivity]@9b739f#0
2026-03-23 22:54:17.449 15753-15753 VRI[MainAc...ty]@9b739f com.huaiwei.yunshan                  I  Creating new active sync group VRI[MainActivity]@9b739f#1
2026-03-23 22:54:17.449 15753-15765 CameraManagerGlobal     com.huaiwei.yunshan                  I  Camera 90 facing CAMERA_FACING_FRONT state now CAMERA_STATE_CLOSED for client android.system API Level 2 User Id 0Device Id 0
2026-03-23 22:54:17.451 15753-15753 VRI[MainAc...ty]@9b739f com.huaiwei.yunshan                  D  registerCallbacksForSync syncBuffer=false
2026-03-23 22:54:17.452 15753-15753 View                    com.huaiwei.yunshan                  I  setRequestedFrameRate frameRate=-4.0, this=com.getcapacitor.CapacitorWebView{c308df6 VFEDHVC.. .F...... 0,0-3120,1440 #7f0800c2 app:id/webview}, caller=android.view.ViewGroup.setRequestedFrameRate:9952 WV.sf.p:1 WV.sg.h:119 WV.sg.onDraw:7 com.android.webview.chromium.WebViewChromium.onDraw:19 
2026-03-23 22:54:17.454 15753-15841 AdrenoVK-0              com.huaiwei.yunshan                  I  QUALCOMM build          : c81b28e1a5, I5a61fcf667
                                                                                                    Build Date              : 06/20/25
                                                                                                    Shader Compiler Version : E031.45.02.26
                                                                                                    Local Branch            : 
                                                                                                    Remote Branch           : refs/tags/AU_LINUX_ANDROID_LA.VENDOR.14.3.0.11.00.00.973.948
                                                                                                    Remote Branch           : NONE
                                                                                                    Reconstruct Branch      : NOTHING
2026-03-23 22:54:17.454 15753-15841 AdrenoVK-0              com.huaiwei.yunshan                  I  Build Config            : S P 16.1.2 AArch64
2026-03-23 22:54:17.454 15753-15841 AdrenoVK-0              com.huaiwei.yunshan                  I  Driver Path             : /vendor/lib64/hw/vulkan.adreno.so
2026-03-23 22:54:17.454 15753-15841 AdrenoVK-0              com.huaiwei.yunshan                  I  Driver Version          : 0762.39
2026-03-23 22:54:17.454 15753-15841 AdrenoVK-0              com.huaiwei.yunshan                  I  PFP                     : 0x01520181
2026-03-23 22:54:17.454 15753-15841 AdrenoVK-0              com.huaiwei.yunshan                  I  ME                      : 0x01520023
2026-03-23 22:54:17.454 15753-15841 AdrenoVK-0              com.huaiwei.yunshan                  I  Application Name    : 
                                                                                                    Application Version : 0x00000001
                                                                                                    Engine Name         : 
                                                                                                    Engine Version      : 0x00000001
                                                                                                    Api Version         : 0x00403000
2026-03-23 22:54:17.460 15753-15841 AdrenoGLES-0            com.huaiwei.yunshan                  I  QUALCOMM build                   : c81b28e1a5, I5a61fcf667
                                                                                                    Build Date                       : 06/20/25
                                                                                                    OpenGL ES Shader Compiler Version: E031.45.02.26
                                                                                                    Local Branch                     : 
                                                                                                    Remote Branch                    : refs/tags/AU_LINUX_ANDROID_LA.VENDOR.14.3.0.11.00.00.973.948
                                                                                                    Remote Branch                    : NONE
                                                                                                    Reconstruct Branch               : NOTHING
2026-03-23 22:54:17.460 15753-15841 AdrenoGLES-0            com.huaiwei.yunshan                  I  Build Config                     : S P 16.1.2 AArch64
2026-03-23 22:54:17.460 15753-15841 AdrenoGLES-0            com.huaiwei.yunshan                  I  Driver Path                      : /vendor/lib64/egl/libGLESv2_adreno.so
2026-03-23 22:54:17.460 15753-15841 AdrenoGLES-0            com.huaiwei.yunshan                  I  Driver Version                   : 0762.39
2026-03-23 22:54:17.460 15753-15841 AdrenoGLES-0            com.huaiwei.yunshan                  I  Process Name                     : com.huaiwei.yunshan
2026-03-23 22:54:17.463 15753-15841 AdrenoGLES-0            com.huaiwei.yunshan                  I  PFP: 0x01520181, ME: 0x01520023
2026-03-23 22:54:17.464 15753-15841 Adreno-AppProfiles      com.huaiwei.yunshan                  E  QSPM AIDL service doesn't exist
2026-03-23 22:54:17.466 15753-15841 AdrenoUtils             com.huaiwei.yunshan                  I  <ReadGpuID:357>: Reading chip ID through GSL
2026-03-23 22:54:17.467 15753-15787 Capacitor               com.huaiwei.yunshan                  D  Handling local request: https://localhost/assets/index-BYYHzDA0.js
2026-03-23 22:54:17.468 15753-15796 Capacitor               com.huaiwei.yunshan                  D  Handling local request: https://localhost/assets/index-DT-sgVg_.css
2026-03-23 22:54:17.481 15753-15853 VRI[MainAc...ty]@9b739f com.huaiwei.yunshan                  D  Received frameDrawingCallback syncResult=0 frameNum=1.
2026-03-23 22:54:17.482 15753-15853 VRI[MainAc...ty]@9b739f com.huaiwei.yunshan                  I  mWNT: t=0xb40000750d582b50 mBlastBufferQueue=0xb40000775d55a3b0 fn= 1 HdrRenderState mRenderHdrSdrRatio=1.0 caller= android.view.ViewRootImpl$12.onFrameDraw:15441 android.view.ThreadedRenderer$1.onFrameDraw:718 <bottom of call stack> 
2026-03-23 22:54:17.482 15753-15853 VRI[MainAc...ty]@9b739f com.huaiwei.yunshan                  I  Setting up sync and frameCommitCallback
2026-03-23 22:54:17.482 15753-15772 qdgralloc               com.huaiwei.yunshan                  W  getInterlacedFlag: getMetaData returned 3, defaulting to interlaced_flag = 0
2026-03-23 22:54:17.483 15753-15841 AdrenoVK-0              com.huaiwei.yunshan                  I  QUALCOMM build          : c81b28e1a5, I5a61fcf667
                                                                                                    Build Date              : 06/20/25
                                                                                                    Shader Compiler Version : E031.45.02.26
                                                                                                    Local Branch            : 
                                                                                                    Remote Branch           : refs/tags/AU_LINUX_ANDROID_LA.VENDOR.14.3.0.11.00.00.973.948
                                                                                                    Remote Branch           : NONE
                                                                                                    Reconstruct Branch      : NOTHING
2026-03-23 22:54:17.483 15753-15841 AdrenoVK-0              com.huaiwei.yunshan                  I  Build Config            : S P 16.1.2 AArch64
2026-03-23 22:54:17.483 15753-15841 AdrenoVK-0              com.huaiwei.yunshan                  I  Driver Path             : /vendor/lib64/hw/vulkan.adreno.so
2026-03-23 22:54:17.483 15753-15841 AdrenoVK-0              com.huaiwei.yunshan                  I  Driver Version          : 0762.39
2026-03-23 22:54:17.483 15753-15841 AdrenoVK-0              com.huaiwei.yunshan                  I  PFP                     : 0x01520181
2026-03-23 22:54:17.483 15753-15841 AdrenoVK-0              com.huaiwei.yunshan                  I  ME                      : 0x01520023
2026-03-23 22:54:17.483 15753-15841 AdrenoVK-0              com.huaiwei.yunshan                  I  Application Name    : Chromium
                                                                                                    Application Version : 0x00000000
                                                                                                    Engine Name         : (null)
                                                                                                    Engine Version      : 0x00000000
                                                                                                    Api Version         : 0x00401000
2026-03-23 22:54:17.494 15753-15772 BLASTBufferQueue        com.huaiwei.yunshan                  I  [VRI[MainActivity]@9b739f#0](f:0,a:0,s:0) onFrameAvailable the first frame is available
2026-03-23 22:54:17.494 15753-15772 SurfaceComposerClient   com.huaiwei.yunshan                  I  apply transaction with the first frame. layerId: 52787, bufferData(ID: 67658619813891, frameNumber: 1)
2026-03-23 22:54:17.495 15753-15772 VRI[MainAc...ty]@9b739f com.huaiwei.yunshan                  I  Received frameCommittedCallback lastAttemptedDrawFrameNum=1 didProduceBuffer=true
2026-03-23 22:54:17.496 15753-15772 HWUI                    com.huaiwei.yunshan                  D  CFMS:: SetUp Pid : 15753    Tid : 15772
2026-03-23 22:54:17.496 15753-15753 VRI[MainAc...ty]@9b739f com.huaiwei.yunshan                  D  reportDrawFinished seqId=0
2026-03-23 22:54:17.499 15753-15772 HWUI                    com.huaiwei.yunshan                  D  HWUI - treat SMPTE_170M as sRGB
2026-03-23 22:54:17.501 15753-15753 View                    com.huaiwei.yunshan                  I  setRequestedFrameRate frameRate=-4.0, this=com.getcapacitor.CapacitorWebView{c308df6 VFEDHVC.. .F...... 0,0-3120,1440 #7f0800c2 app:id/webview}, caller=android.view.ViewGroup.setRequestedFrameRate:9952 WV.sf.p:1 WV.sg.h:119 WV.sg.onDraw:7 com.android.webview.chromium.WebViewChromium.onDraw:19 
2026-03-23 22:54:17.502 15753-15772 qdgralloc               com.huaiwei.yunshan                  W  getInterlacedFlag: getMetaData returned 3, defaulting to interlaced_flag = 0
2026-03-23 22:54:17.502 15753-15753 InsetsSourceConsumer    com.huaiwei.yunshan                  I  applyRequestedVisibilityToControl: visible=true, type=navigationBars, host=com.huaiwei.yunshan/com.huaiwei.yunshan.MainActivity
2026-03-23 22:54:17.502 15753-15753 InsetsSourceConsumer    com.huaiwei.yunshan                  I  applyRequestedVisibilityToControl: visible=true, type=statusBars, host=com.huaiwei.yunshan/com.huaiwei.yunshan.MainActivity
2026-03-23 22:54:17.508 15753-15818 AudioCapabilities       com.huaiwei.yunshan                  W  Unsupported mediaType audio/x-ape
2026-03-23 22:54:17.508 15753-15818 AudioCapabilities       com.huaiwei.yunshan                  W  Unsupported mediaType audio/x-ima
2026-03-23 22:54:17.509 15753-15818 AudioCapabilities       com.huaiwei.yunshan                  W  Unsupported mediaType audio/mpeg-L1
2026-03-23 22:54:17.509 15753-15818 AudioCapabilities       com.huaiwei.yunshan                  W  Unsupported mediaType audio/mpeg-L2
2026-03-23 22:54:17.509 15753-15818 VideoCapabilities       com.huaiwei.yunshan                  W  Unsupported mime video/wvc1
2026-03-23 22:54:17.509 15753-15818 VideoCapabilities       com.huaiwei.yunshan                  W  Unsupported mime video/x-ms-wmv
2026-03-23 22:54:17.512 15753-15753 VRI[MainAc...ty]@9b739f com.huaiwei.yunshan                  D  mThreadedRenderer.initializeIfNeeded()#2 mSurface={isValid=true 0xb4000075cd550d90}
2026-03-23 22:54:17.513 15753-15753 InputMethodManagerUtils com.huaiwei.yunshan                  D  startInputInner - Id : 0
2026-03-23 22:54:17.513 15753-15753 InputMethodManager      com.huaiwei.yunshan                  I  startInputInner - IInputMethodManagerGlobalInvoker.startInputOrWindowGainedFocus
2026-03-23 22:54:17.521 15753-15753 cr_A11yState            com.huaiwei.yunshan                  I  Enabled accessibility services list updated. [com.samsung.android.bixby.agent/.mainui.accessibilityservice.ScreenAccessibilityService]
2026-03-23 22:54:17.521 15753-15766 InputTransport          com.huaiwei.yunshan                  D  Input channel constructed: 'ClientS', fd=242
2026-03-23 22:54:17.522 15753-15753 cr_A11yState            com.huaiwei.yunshan                  I  Informing listeners of changes.
2026-03-23 22:54:17.522 15753-15753 cr_A11yState            com.huaiwei.yunshan                  I  New AccessibilityState: State{isComplexUserInteractionServiceEnabled=true, isTouchExplorationEnabled=false, isPerformGesturesEnabled=false, isAnyAccessibilityServiceEnabled=true, isAccessibilityToolPresent=true, isTextShowPasswordEnabled=false, isOnlyAutofillRunning=false, isOnlyPasswordManagersEnabled=false, isKnownScreenReaderEnabled=false}
2026-03-23 22:54:17.523 15753-15786 Capacitor               com.huaiwei.yunshan                  D  Handling local request: https://localhost/assets/HomeView-DIz8D186.js
2026-03-23 22:54:17.523 15753-15753 InputMethodManager      com.huaiwei.yunshan                  I  handleMessage: setImeVisibility visible=false
2026-03-23 22:54:17.523 15753-15753 InsetsController        com.huaiwei.yunshan                  D  hide(ime(), fromIme=false)
2026-03-23 22:54:17.523 15753-15753 ImeTracker              com.huaiwei.yunshan                  I  com.huaiwei.yunshan:f079204b: onCancelled at PHASE_CLIENT_ALREADY_HIDDEN
2026-03-23 22:54:17.525 15753-15818 AudioCapabilities       com.huaiwei.yunshan                  W  Unsupported mediaType audio/iamf
2026-03-23 22:54:17.532 15753-15818 VideoCapabilities       com.huaiwei.yunshan                  W  Unsupported mime image/vnd.android.heic
2026-03-23 22:54:17.533 15753-15818 VideoCapabilities       com.huaiwei.yunshan                  W  Unrecognized profile/level 32768/256 for video/mp4v-es
2026-03-23 22:54:17.538 15753-15818 AudioCapabilities       com.huaiwei.yunshan                  W  Unsupported mime audio/x-ape
2026-03-23 22:54:17.539 15753-15818 AudioCapabilities       com.huaiwei.yunshan                  W  Unsupported mime audio/x-ima
2026-03-23 22:54:17.539 15753-15785 Capacitor               com.huaiwei.yunshan                  D  Handling local request: https://localhost/vite.svg
2026-03-23 22:54:17.539 15753-15818 AudioCapabilities       com.huaiwei.yunshan                  W  Unsupported mime audio/mpeg-L1
2026-03-23 22:54:17.540 15753-15785 Capacitor               com.huaiwei.yunshan                  E  Unable to open asset URL: https://localhost/vite.svg
2026-03-23 22:54:17.540 15753-15818 AudioCapabilities       com.huaiwei.yunshan                  W  Unsupported mime audio/mpeg-L2
2026-03-23 22:54:17.540 15753-15818 VideoCapabilities       com.huaiwei.yunshan                  W  Unsupported mime video/wvc1
2026-03-23 22:54:17.540 15753-15818 VideoCapabilities       com.huaiwei.yunshan                  W  Unsupported mime video/wvc1
2026-03-23 22:54:17.541 15753-15785 Capacitor               com.huaiwei.yunshan                  E  Unable to open asset URL: https://localhost/vite.svg
2026-03-23 22:54:17.541 15753-15785 Capacitor               com.huaiwei.yunshan                  E  Unable to open asset URL: https://localhost/vite.svg
2026-03-23 22:54:17.541 15753-15818 VideoCapabilities       com.huaiwei.yunshan                  W  Unsupported mime video/x-ms-wmv
2026-03-23 22:54:17.541 15753-15785 Capacitor               com.huaiwei.yunshan                  E  Unable to open asset URL: https://localhost/vite.svg
2026-03-23 22:54:17.546 15753-15818 AudioCapabilities       com.huaiwei.yunshan                  W  Unsupported mime audio/iamf
2026-03-23 22:54:17.567 15753-15818 VideoCapabilities       com.huaiwei.yunshan                  W  Unsupported mime image/vnd.android.heic
2026-03-23 22:54:17.570 15753-15818 VideoCapabilities       com.huaiwei.yunshan                  W  Unsupported mime image/vnd.android.heic
2026-03-23 22:54:17.570 15753-15818 VideoCapabilities       com.huaiwei.yunshan                  W  Unrecognized profile/level 32768/256 for video/mp4v-es
2026-03-23 22:54:17.685 15753-15759 huaiwei.yunshan         com.huaiwei.yunshan                  I  Compiler allocated 5101KB to compile void android.view.ViewRootImpl.performTraversals()
2026-03-23 22:54:18.010 15753-15753 View                    com.huaiwei.yunshan                  I  setRequestedFrameRate frameRate=-4.0, this=com.getcapacitor.CapacitorWebView{c308df6 VFEDHVC.. .F...... 0,0-3120,1440 #7f0800c2 app:id/webview aid=1073741824}, caller=android.view.ViewGroup.setRequestedFrameRate:9952 WV.sf.p:1 WV.sg.h:119 WV.sg.onDraw:7 com.android.webview.chromium.WebViewChromium.onDraw:19 
2026-03-23 22:54:18.011 15753-15772 qdgralloc               com.huaiwei.yunshan                  W  getInterlacedFlag: getMetaData returned 3, defaulting to interlaced_flag = 0
2026-03-23 22:54:18.018 15753-15753 View                    com.huaiwei.yunshan                  I  setRequestedFrameRate frameRate=-4.0, this=com.getcapacitor.CapacitorWebView{c308df6 VFEDHVC.. .F...... 0,0-3120,1440 #7f0800c2 app:id/webview aid=1073741824}, caller=android.view.ViewGroup.setRequestedFrameRate:9952 WV.sf.p:1 WV.sg.h:119 WV.sg.onDraw:7 com.android.webview.chromium.WebViewChromium.onDraw:19 
2026-03-23 22:54:18.018 15753-15772 qdgralloc               com.huaiwei.yunshan                  W  getInterlacedFlag: getMetaData returned 3, defaulting to interlaced_flag = 0
2026-03-23 22:54:18.024 15753-15841 AdrenoVK-0              com.huaiwei.yunshan                  I  Shader compilation failed for shaderType: 0
2026-03-23 22:54:18.024 15753-15841 AdrenoVK-0              com.huaiwei.yunshan                  I  Pipeline create failed
2026-03-23 22:54:18.026 15753-15753 View                    com.huaiwei.yunshan                  I  setRequestedFrameRate frameRate=-4.0, this=com.getcapacitor.CapacitorWebView{c308df6 VFEDHVC.. .F...... 0,0-3120,1440 #7f0800c2 app:id/webview aid=1073741824}, caller=android.view.ViewGroup.setRequestedFrameRate:9952 WV.sf.p:1 WV.sg.h:119 WV.sg.onDraw:7 com.android.webview.chromium.WebViewChromium.onDraw:19 
2026-03-23 22:54:18.033 15753-15841 AdrenoVK-0              com.huaiwei.yunshan                  I  Shader compilation failed for shaderType: 0
2026-03-23 22:54:18.033 15753-15841 AdrenoVK-0              com.huaiwei.yunshan                  I  Pipeline create failed
2026-03-23 22:54:18.036 15753-15841 AdrenoVK-0              com.huaiwei.yunshan                  I  Shader compilation failed for shaderType: 0
2026-03-23 22:54:18.036 15753-15841 AdrenoVK-0              com.huaiwei.yunshan                  I  Pipeline create failed
2026-03-23 22:54:18.046 15753-15841 AdrenoVK-0              com.huaiwei.yunshan                  I  Shader compilation failed for shaderType: 0
2026-03-23 22:54:18.046 15753-15841 AdrenoVK-0              com.huaiwei.yunshan                  I  Pipeline create failed
2026-03-23 22:54:18.055 15753-15841 AdrenoVK-0              com.huaiwei.yunshan                  I  Shader compilation failed for shaderType: 0
2026-03-23 22:54:18.055 15753-15841 AdrenoVK-0              com.huaiwei.yunshan                  I  Pipeline create failed
2026-03-23 22:54:18.060 15753-15841 AdrenoVK-0              com.huaiwei.yunshan                  I  Shader compilation failed for shaderType: 0
2026-03-23 22:54:18.060 15753-15841 AdrenoVK-0              com.huaiwei.yunshan                  I  Pipeline create failed
2026-03-23 22:54:18.064 15753-15841 AdrenoVK-0              com.huaiwei.yunshan                  I  Shader compilation failed for shaderType: 4
2026-03-23 22:54:18.064 15753-15841 AdrenoVK-0              com.huaiwei.yunshan                  I  Pipeline create failed
2026-03-23 22:54:18.072 15753-15841 AdrenoVK-0              com.huaiwei.yunshan                  I  Shader compilation failed for shaderType: 0
2026-03-23 22:54:18.072 15753-15841 AdrenoVK-0              com.huaiwei.yunshan                  I  Pipeline create failed
2026-03-23 22:54:18.076 15753-15841 AdrenoVK-0              com.huaiwei.yunshan                  I  Shader compilation failed for shaderType: 4
2026-03-23 22:54:18.076 15753-15841 AdrenoVK-0              com.huaiwei.yunshan                  I  Pipeline create failed
2026-03-23 22:54:18.080 15753-15841 AdrenoVK-0              com.huaiwei.yunshan                  I  Shader compilation failed for shaderType: 0
2026-03-23 22:54:18.080 15753-15841 AdrenoVK-0              com.huaiwei.yunshan                  I  Pipeline create failed
2026-03-23 22:54:18.091 15753-15753 View                    com.huaiwei.yunshan                  I  setRequestedFrameRate frameRate=-4.0, this=com.getcapacitor.CapacitorWebView{c308df6 VFEDHVC.. .F...... 0,0-3120,1440 #7f0800c2 app:id/webview aid=1073741824}, caller=android.view.ViewGroup.setRequestedFrameRate:9952 WV.sf.p:1 WV.sg.h:119 WV.sg.onDraw:7 com.android.webview.chromium.WebViewChromium.onDraw:19 
2026-03-23 22:54:18.093 15753-15753 View                    com.huaiwei.yunshan                  I  setRequestedFrameRate frameRate=-4.0, this=com.getcapacitor.CapacitorWebView{c308df6 VFEDHVC.. .F...... 0,0-3120,1440 #7f0800c2 app:id/webview aid=1073741824}, caller=android.view.ViewGroup.setRequestedFrameRate:9952 WV.sf.p:1 WV.sg.h:119 WV.sg.onDraw:7 com.android.webview.chromium.WebViewChromium.onDraw:19 
2026-03-23 22:54:18.101 15753-15753 View                    com.huaiwei.yunshan                  I  setRequestedFrameRate frameRate=-4.0, this=com.getcapacitor.CapacitorWebView{c308df6 VFEDHVC.. .F...... 0,0-3120,1440 #7f0800c2 app:id/webview aid=1073741824}, caller=android.view.ViewGroup.setRequestedFrameRate:9952 WV.sf.p:1 WV.sg.h:119 WV.sg.onDraw:7 com.android.webview.chromium.WebViewChromium.onDraw:19 
2026-03-23 22:54:18.110 15753-15753 View                    com.huaiwei.yunshan                  I  setRequestedFrameRate frameRate=-4.0, this=com.getcapacitor.CapacitorWebView{c308df6 VFEDHVC.. .F...... 0,0-3120,1440 #7f0800c2 app:id/webview aid=1073741824}, caller=android.view.ViewGroup.setRequestedFrameRate:9952 WV.sf.p:1 WV.sg.h:119 WV.sg.onDraw:7 com.android.webview.chromium.WebViewChromium.onDraw:19 
2026-03-23 22:54:18.118 15753-15753 View                    com.huaiwei.yunshan                  I  setRequestedFrameRate frameRate=-4.0, this=com.getcapacitor.CapacitorWebView{c308df6 VFEDHVC.. .F...... 0,0-3120,1440 #7f0800c2 app:id/webview aid=1073741824}, caller=android.view.ViewGroup.setRequestedFrameRate:9952 WV.sf.p:1 WV.sg.h:119 WV.sg.onDraw:7 com.android.webview.chromium.WebViewChromium.onDraw:19 
2026-03-23 22:54:18.126 15753-15753 View                    com.huaiwei.yunshan                  I  setRequestedFrameRate frameRate=-4.0, this=com.getcapacitor.CapacitorWebView{c308df6 VFEDHVC.. .F...... 0,0-3120,1440 #7f0800c2 app:id/webview aid=1073741824}, caller=android.view.ViewGroup.setRequestedFrameRate:9952 WV.sf.p:1 WV.sg.h:119 WV.sg.onDraw:7 com.android.webview.chromium.WebViewChromium.onDraw:19 
